// Jest Snapshot v1, https://goo.gl/fbAQLP

exports[`ScrollToTopAffix should render as expected 1`] = `<DocumentFragment />`;
